[21:20:21.931] capture IMAGE: size=371x384
[21:20:21.950]   QImage.save=True path=E:\AI Program\DesktopPet\data\clipboard_images\1779801621931.png
[21:20:22.086]   store.add_image id=5
[21:20:22.094] _build_image_preview loaded OK: E:\AI Program\DesktopPet\data\clipboard_images\1779801621931.png
[21:20:23.184] _ImagePreviewLabel.mousePressEvent path=E:\AI Program\DesktopPet\data\clipboard_images\1779801621931.png
[21:20:23.184] _open_image_viewer called: E:\AI Program\DesktopPet\data\clipboard_images\1779801621931.png  exists=True
[21:20:23.184] ImageViewer.__init__ start: E:\AI Program\DesktopPet\data\clipboard_images\1779801621931.png
[21:20:23.193] ImageViewer shown: size=1166x1207 visible=True
[21:20:23.193] _open_image_viewer viewer created: True
[21:20:31.395] _ImagePreviewLabel.mousePressEvent path=E:\AI Program\DesktopPet\data\clipboard_images\1779801621931.png
[21:20:31.395] _open_image_viewer called: E:\AI Program\DesktopPet\data\clipboard_images\1779801621931.png  exists=True
[21:20:31.395] ImageViewer.__init__ start: E:\AI Program\DesktopPet\data\clipboard_images\1779801621931.png
[21:20:31.404] ImageViewer shown: size=1166x1207 visible=True
[21:20:31.404] _open_image_viewer viewer created: True
[21:20:40.723] _ImagePreviewLabel.mousePressEvent path=E:\AI Program\DesktopPet\data\clipboard_images\1779801621931.png
[21:20:40.723] _open_image_viewer called: E:\AI Program\DesktopPet\data\clipboard_images\1779801621931.png  exists=True
[21:20:40.723] ImageViewer.__init__ start: E:\AI Program\DesktopPet\data\clipboard_images\1779801621931.png
[21:20:40.732] ImageViewer shown: size=1166x1207 visible=True
[21:20:40.733] _open_image_viewer viewer created: True
[21:20:41.233] _ImagePreviewLabel.mousePressEvent path=E:\AI Program\DesktopPet\data\clipboard_images\1779801621931.png
[21:20:41.234] _open_image_viewer called: E:\AI Program\DesktopPet\data\clipboard_images\1779801621931.png  exists=True
[21:20:41.234] ImageViewer.__init__ start: E:\AI Program\DesktopPet\data\clipboard_images\1779801621931.png
[21:20:41.242] ImageViewer shown: size=1166x1207 visible=True
[21:20:41.242] _open_image_viewer viewer created: True
[21:20:41.352] _ImagePreviewLabel.mousePressEvent path=E:\AI Program\DesktopPet\data\clipboard_images\1779801621931.png
[21:20:41.352] _open_image_viewer called: E:\AI Program\DesktopPet\data\clipboard_images\1779801621931.png  exists=True
[21:20:41.352] ImageViewer.__init__ start: E:\AI Program\DesktopPet\data\clipboard_images\1779801621931.png
[21:20:41.359] ImageViewer shown: size=1166x1207 visible=True
[21:20:41.359] _open_image_viewer viewer created: True
[21:23:52.796] _build_image_preview loaded OK: E:\AI Program\DesktopPet\data\clipboard_images\1779801621931.png
[21:23:52.815] _build_image_preview loaded OK: E:\AI Program\DesktopPet\data\clipboard_images\1779801621931.png
[21:23:54.092] _ImagePreviewLabel.mousePressEvent path=E:\AI Program\DesktopPet\data\clipboard_images\1779801621931.png
[21:23:54.093] _open_image_viewer called: E:\AI Program\DesktopPet\data\clipboard_images\1779801621931.png  exists=True
[21:23:54.093] ImageViewer.__init__ start: E:\AI Program\DesktopPet\data\clipboard_images\1779801621931.png
[21:23:54.105] ImageViewer shown: size=1166x1207 visible=True
[21:23:54.105] _open_image_viewer viewer created: True
[21:23:56.551] _ImagePreviewLabel.mousePressEvent path=E:\AI Program\DesktopPet\data\clipboard_images\1779801621931.png
[21:23:56.552] _open_image_viewer called: E:\AI Program\DesktopPet\data\clipboard_images\1779801621931.png  exists=True
[21:23:56.552] ImageViewer.__init__ start: E:\AI Program\DesktopPet\data\clipboard_images\1779801621931.png
[21:23:56.563] ImageViewer shown: size=1166x1207 visible=True
[21:23:56.564] _open_image_viewer viewer created: True
[21:23:58.572] _ImagePreviewLabel.mousePressEvent path=E:\AI Program\DesktopPet\data\clipboard_images\1779801621931.png
[21:23:58.573] _open_image_viewer called: E:\AI Program\DesktopPet\data\clipboard_images\1779801621931.png  exists=True
[21:23:58.573] ImageViewer.__init__ start: E:\AI Program\DesktopPet\data\clipboard_images\1779801621931.png
[21:23:58.585] ImageViewer shown: size=1166x1207 visible=True
[21:23:58.585] _open_image_viewer viewer created: True
[21:24:05.965] _ImagePreviewLabel.mousePressEvent path=E:\AI Program\DesktopPet\data\clipboard_images\1779801621931.png
[21:24:05.965] _open_image_viewer called: E:\AI Program\DesktopPet\data\clipboard_images\1779801621931.png  exists=True
[21:24:05.965] ImageViewer.__init__ start: E:\AI Program\DesktopPet\data\clipboard_images\1779801621931.png
[21:24:05.980] ImageViewer shown: size=1166x1207 visible=True
[21:24:05.980] _open_image_viewer viewer created: True
[21:24:06.091] _ImagePreviewLabel.mousePressEvent path=E:\AI Program\DesktopPet\data\clipboard_images\1779801621931.png
[21:24:06.092] _open_image_viewer called: E:\AI Program\DesktopPet\data\clipboard_images\1779801621931.png  exists=True
[21:24:06.092] ImageViewer.__init__ start: E:\AI Program\DesktopPet\data\clipboard_images\1779801621931.png
[21:24:06.102] ImageViewer shown: size=1166x1207 visible=True
[21:24:06.102] _open_image_viewer viewer created: True
[21:24:23.755] _ImagePreviewLabel.mousePressEvent path=E:\AI Program\DesktopPet\data\clipboard_images\1779801621931.png
[21:24:23.755] _open_image_viewer called: E:\AI Program\DesktopPet\data\clipboard_images\1779801621931.png  exists=True
[21:24:23.755] ImageViewer.__init__ start: E:\AI Program\DesktopPet\data\clipboard_images\1779801621931.png
[21:24:23.768] ImageViewer shown: size=1166x1207 visible=True
[21:24:23.768] _open_image_viewer viewer created: True
[21:28:13.063] _build_image_preview loaded OK: E:\AI Program\DesktopPet\data\clipboard_images\1779801621931.png
[21:28:13.081] _build_image_preview loaded OK: E:\AI Program\DesktopPet\data\clipboard_images\1779801621931.png
[21:28:17.629] _ImagePreviewLabel.mousePressEvent path=E:\AI Program\DesktopPet\data\clipboard_images\1779801621931.png
[21:28:17.629] _open_image_viewer called: E:\AI Program\DesktopPet\data\clipboard_images\1779801621931.png  exists=True
[21:28:17.629] ImageViewer.__init__ start: E:\AI Program\DesktopPet\data\clipboard_images\1779801621931.png
[21:28:17.642] ImageViewer fullscreen: screen=2560x1392 img=1142x1183 pos=(709,104) visible=True
[21:28:17.642] _open_image_viewer viewer created: True
[21:28:19.553] _ImagePreviewLabel.mousePressEvent path=E:\AI Program\DesktopPet\data\clipboard_images\1779801621931.png
[21:28:19.553] _open_image_viewer called: E:\AI Program\DesktopPet\data\clipboard_images\1779801621931.png  exists=True
[21:28:19.553] ImageViewer.__init__ start: E:\AI Program\DesktopPet\data\clipboard_images\1779801621931.png
[21:28:19.564] ImageViewer fullscreen: screen=2560x1392 img=1142x1183 pos=(709,104) visible=True
[21:28:19.564] _open_image_viewer viewer created: True
[21:28:20.752] _ImagePreviewLabel.mousePressEvent path=E:\AI Program\DesktopPet\data\clipboard_images\1779801621931.png
[21:28:20.753] _open_image_viewer called: E:\AI Program\DesktopPet\data\clipboard_images\1779801621931.png  exists=True
[21:28:20.753] ImageViewer.__init__ start: E:\AI Program\DesktopPet\data\clipboard_images\1779801621931.png
[21:28:20.764] ImageViewer fullscreen: screen=2560x1392 img=1142x1183 pos=(709,104) visible=True
[21:28:20.765] _open_image_viewer viewer created: True
[21:28:20.887] _ImagePreviewLabel.mousePressEvent path=E:\AI Program\DesktopPet\data\clipboard_images\1779801621931.png
[21:28:20.895] _open_image_viewer called: E:\AI Program\DesktopPet\data\clipboard_images\1779801621931.png  exists=True
[21:28:20.896] ImageViewer.__init__ start: E:\AI Program\DesktopPet\data\clipboard_images\1779801621931.png
[21:28:20.905] ImageViewer fullscreen: screen=2560x1392 img=1142x1183 pos=(709,104) visible=True
[21:28:20.905] _open_image_viewer viewer created: True
[21:28:22.052] capture IMAGE: size=371x384
[21:28:22.071]   QImage.save=True path=E:\AI Program\DesktopPet\data\clipboard_images\1779802102052.png
[21:28:22.089]   store.add_image id=6
[21:28:22.096] _build_image_preview loaded OK: E:\AI Program\DesktopPet\data\clipboard_images\1779802102052.png
[21:28:22.099] _build_image_preview loaded OK: E:\AI Program\DesktopPet\data\clipboard_images\1779801621931.png
[21:28:22.757] _ImagePreviewLabel.mousePressEvent path=E:\AI Program\DesktopPet\data\clipboard_images\1779801621931.png
[21:28:22.757] _open_image_viewer called: E:\AI Program\DesktopPet\data\clipboard_images\1779801621931.png  exists=True
[21:28:22.757] ImageViewer.__init__ start: E:\AI Program\DesktopPet\data\clipboard_images\1779801621931.png
[21:28:22.768] ImageViewer fullscreen: screen=2560x1392 img=1142x1183 pos=(709,104) visible=True
[21:28:22.768] _open_image_viewer viewer created: True
[21:28:23.538] _build_image_preview loaded OK: E:\AI Program\DesktopPet\data\clipboard_images\1779802102052.png
[21:28:23.959] _ImagePreviewLabel.mousePressEvent path=E:\AI Program\DesktopPet\data\clipboard_images\1779802102052.png
[21:28:23.959] _open_image_viewer called: E:\AI Program\DesktopPet\data\clipboard_images\1779802102052.png  exists=True
[21:28:23.959] ImageViewer.__init__ start: E:\AI Program\DesktopPet\data\clipboard_images\1779802102052.png
[21:28:23.968] ImageViewer fullscreen: screen=2560x1392 img=1142x1183 pos=(709,104) visible=True
[21:28:23.968] _open_image_viewer viewer created: True
[21:28:32.559] _ImagePreviewLabel.mousePressEvent path=E:\AI Program\DesktopPet\data\clipboard_images\1779802102052.png
[21:28:32.560] _open_image_viewer called: E:\AI Program\DesktopPet\data\clipboard_images\1779802102052.png  exists=True
[21:28:32.560] ImageViewer.__init__ start: E:\AI Program\DesktopPet\data\clipboard_images\1779802102052.png
[21:28:32.572] ImageViewer fullscreen: screen=2560x1392 img=1142x1183 pos=(709,104) visible=True
[21:28:32.573] _open_image_viewer viewer created: True
[21:41:05.060] capture TEXT: len=4 preview=还是不行
[21:41:18.438] capture IMAGE: size=507x1439
[21:41:18.477]   QImage.save=True path=E:\AI Program\DesktopPet\data\clipboard_images\1779802878439.png
[21:41:18.612]   store.add_image id=8
[21:41:18.836] capture IMAGE: size=507x1439
[21:41:18.867]   QImage.save=True path=E:\AI Program\DesktopPet\data\clipboard_images\1779802878836.png
[21:41:18.874]   store.add_image id=9
[21:41:39.631] capture IMAGE: size=2559x1435
[21:41:39.791]   QImage.save=True path=E:\AI Program\DesktopPet\data\clipboard_images\1779802899632.png
[21:41:40.024]   store.add_image id=10
[21:41:40.313] capture IMAGE: size=2559x1435
[21:41:40.472]   QImage.save=True path=E:\AI Program\DesktopPet\data\clipboard_images\1779802900314.png
[21:41:40.489]   store.add_image id=11
[21:41:50.009] capture IMAGE: size=389x1038
[21:41:50.023]   QImage.save=True path=E:\AI Program\DesktopPet\data\clipboard_images\1779802910010.png
[21:41:50.160]   store.add_image id=12
[21:42:02.446] capture IMAGE: size=725x852
[21:42:02.475]   QImage.save=True path=E:\AI Program\DesktopPet\data\clipboard_images\1779802922446.png
[21:42:02.482]   store.add_image id=13
[21:42:11.492] capture IMAGE: size=1263x740
[21:42:11.528]   QImage.save=True path=E:\AI Program\DesktopPet\data\clipboard_images\1779802931492.png
[21:42:11.582]   store.add_image id=14
[21:42:16.382] capture IMAGE: size=360x421
[21:42:16.414]   QImage.save=True path=E:\AI Program\DesktopPet\data\clipboard_images\1779802936383.png
[21:42:16.421]   store.add_image id=15
[21:42:42.143] capture IMAGE: size=558x295
[21:42:42.150]   QImage.save=True path=E:\AI Program\DesktopPet\data\clipboard_images\1779802962143.png
[21:42:42.286]   store.add_image id=16
[21:42:47.834] capture TEXT: len=65 preview=桌面环境运行测试：复制图片 → 查看缩略图 → 点击放大
- [ ] 桌面环境运行测试：从浏览器复制
[21:42:50.071] capture TEXT: len=22 preview=clipboard_monitor.py`

[21:42:50.941] capture TEXT: len=17 preview=测顺序——先检查 `QClipbo
[21:42:57.019] capture TEXT: len=22 preview=clipboard_monitor.py`

[22:35:23.207] capture TEXT: len=71 preview=file:///C:/Users/FormerlyXZ/Downloads/Compressed/L
[22:36:43.820] capture TEXT: len=784 preview=file:///C:/Users/FormerlyXZ/Downloads/Compressed/L
[22:37:03.913] capture TEXT: len=99 preview=file:///C:/Users/FormerlyXZ/Downloads/Compressed/L
[22:41:25.003] capture TEXT: len=8 preview=cd tools
[22:41:47.804] capture TEXT: len=18 preview=pip install Pillow
[22:41:59.315] capture TEXT: len=35 preview=python build_krita_layer_starter.py
[22:42:52.508] capture TEXT: len=38 preview=https://git-lfs.github.com/spec/v1
oid
[22:43:11.899] capture TEXT: len=123 preview=https://git-lfs.github.com/spec/v1
oid sha256:99e1
[22:43:21.350] capture TEXT: len=123 preview=https://git-lfs.github.com/spec/v1
oid sha256:99e1
[23:19:44.092] capture TEXT: len=7 preview=高木同学の小曲
[23:24:33.644] capture TEXT: len=51 preview=file:///C:/Users/FormerlyXZ/Downloads/《高木同学の小曲》.mp
[15:21:30.995] capture TEXT: len=7 preview=高木同学の小曲
[15:22:36.621] capture IMAGE: size=1853x1029
[15:22:36.706]   QImage.save=True path=E:\AI Program\DesktopPet\data\clipboard_images\1779866556622.png
[15:22:36.936]   store.add_image id=30
[15:22:37.148] capture IMAGE: size=1853x1029
[15:22:37.232]   QImage.save=True path=E:\AI Program\DesktopPet\data\clipboard_images\1779866557148.png
[15:22:37.248]   store.add_image id=31
[15:23:27.772] capture IMAGE: size=1853x1029
[15:23:27.851]   QImage.save=True path=E:\AI Program\DesktopPet\data\clipboard_images\1779866607773.png
[15:23:27.987]   store.add_image id=32
[15:23:47.263] capture TEXT: len=2 preview=重写
[15:23:56.151] capture TEXT: len=587 preview=### 改动清单

| 操作 | 内容 |
|------|------|
| **删除** | `
[15:24:13.546] capture IMAGE: size=521x609
[15:24:13.558]   QImage.save=True path=E:\AI Program\DesktopPet\data\clipboard_images\1779866653547.png
[15:24:13.693]   store.add_image id=35
[15:24:22.432] capture IMAGE: size=312x354
[15:24:22.450]   QImage.save=True path=E:\AI Program\DesktopPet\data\clipboard_images\1779866662432.png
[15:24:22.586]   store.add_image id=36
[15:24:28.230] capture IMAGE: size=1326x313
[15:24:28.250]   QImage.save=True path=E:\AI Program\DesktopPet\data\clipboard_images\1779866668231.png
[15:24:28.386]   store.add_image id=37
[15:24:43.576] capture IMAGE: size=1853x1029
[15:24:43.659]   QImage.save=True path=E:\AI Program\DesktopPet\data\clipboard_images\1779866683576.png
[15:24:43.891]   store.add_image id=38
[15:24:44.149] capture IMAGE: size=1853x1029
[15:24:44.231]   QImage.save=True path=E:\AI Program\DesktopPet\data\clipboard_images\1779866684149.png
[15:24:44.245]   store.add_image id=39
[15:24:56.712] capture IMAGE: size=1853x1029
[15:24:56.791]   QImage.save=True path=E:\AI Program\DesktopPet\data\clipboard_images\1779866696713.png
[15:24:56.807]   store.add_image id=40
[15:25:01.701] capture IMAGE: size=1853x1029
[15:25:01.783]   QImage.save=True path=E:\AI Program\DesktopPet\data\clipboard_images\1779866701702.png
[15:25:01.799]   store.add_image id=41
[15:25:02.013] capture IMAGE: size=1853x1029
[15:25:02.091]   QImage.save=True path=E:\AI Program\DesktopPet\data\clipboard_images\1779866702013.png
[15:25:02.107]   store.add_image id=42
[15:25:51.841] capture IMAGE: size=1853x1029
[15:25:51.938]   QImage.save=True path=E:\AI Program\DesktopPet\data\clipboard_images\1779866751841.png
[15:25:51.955]   store.add_image id=43
[15:25:52.197] capture IMAGE: size=1853x1029
[15:25:52.295]   QImage.save=True path=E:\AI Program\DesktopPet\data\clipboard_images\1779866752197.png
[15:25:52.301]   store.add_image id=44
[15:26:05.417] capture IMAGE: size=4160x2560
[15:26:06.866]   QImage.save=True path=E:\AI Program\DesktopPet\data\clipboard_images\1779866765418.png
[15:26:07.002]   store.add_image id=45
[15:26:07.472] capture IMAGE: size=4160x2560
[15:26:08.925]   QImage.save=True path=E:\AI Program\DesktopPet\data\clipboard_images\1779866767473.png
[15:26:08.942]   store.add_image id=46
[15:26:24.027] capture IMAGE: size=1853x1029
[15:26:24.125]   QImage.save=True path=E:\AI Program\DesktopPet\data\clipboard_images\1779866784028.png
[15:26:24.142]   store.add_image id=47
[15:26:24.351] capture IMAGE: size=1853x1029
[15:26:24.451]   QImage.save=True path=E:\AI Program\DesktopPet\data\clipboard_images\1779866784352.png
[15:26:24.468]   store.add_image id=48
[15:26:34.512] capture IMAGE: size=1853x1029
[15:26:34.612]   QImage.save=True path=E:\AI Program\DesktopPet\data\clipboard_images\1779866794513.png
[15:26:34.629]   store.add_image id=49
[15:26:34.838] capture IMAGE: size=1853x1029
[15:26:34.940]   QImage.save=True path=E:\AI Program\DesktopPet\data\clipboard_images\1779866794839.png
[15:26:34.957]   store.add_image id=50
[15:32:43.731] capture IMAGE: size=1853x1029
[15:32:43.820]   QImage.save=True path=E:\AI Program\DesktopPet\data\clipboard_images\1779867163732.png
[15:32:43.827]   file_hash=4136e486...
[15:32:43.844]   store.add_or_update_image id=52
[15:32:44.089] capture IMAGE: size=1853x1029
[15:32:44.175]   QImage.save=True path=E:\AI Program\DesktopPet\data\clipboard_images\1779867164090.png
[15:32:44.182]   file_hash=4136e486...
[15:32:44.199]   store.add_or_update_image id=52
[15:32:56.487] capture IMAGE: size=2559x1439
[15:32:56.666]   QImage.save=True path=E:\AI Program\DesktopPet\data\clipboard_images\1779867176488.png
[15:32:56.673]   file_hash=3b48390c...
[15:32:56.808]   store.add_or_update_image id=53
[15:32:57.116] capture IMAGE: size=2559x1439
[15:32:57.290]   QImage.save=True path=E:\AI Program\DesktopPet\data\clipboard_images\1779867177116.png
[15:32:57.296]   file_hash=3b48390c...
[15:32:57.313]   store.add_or_update_image id=53
[15:47:26.519] capture TEXT: len=4 preview=鼠标穿透
[15:47:32.243] capture TEXT: len=6 preview=启动记忆位置
[15:50:36.150] capture TEXT: len=4 preview=鼠标穿透
[15:50:53.934] capture TEXT: len=5 preview= 托盘图标
[15:53:06.980] capture TEXT: len=65 preview=QFont::setPointSize: Point size <= 0 (-1), must be
[15:53:29.918] capture TEXT: len=88 preview=QPropertyAnimation::updateState (opacity): Changin
[16:29:51.532] capture TEXT: len=47 preview=https://pan.quark.cn/s/e468b793a50c#/list/share
